// Jest Snapshot v1, https://goo.gl/fbAQLP

exports[`Video correctly renders after relaunch 1`] = `
<video
  height="175"
  muted={true}
  poster=""
  src=""
  width="280"
/>
`;
