// Jest Snapshot v1, https://goo.gl/fbAQLP

exports[`<MoviesList/> should render with films 1`] = `
<div
  className="catalog__movies-list"
/>
`;
