// Jest Snapshot v1, https://goo.gl/fbAQLP

exports[`Is movie render 1`] = `
<article
  className="small-movie-card catalog__movies-card"
  onMouseEnter={[MockFunction]}
  onMouseLeave={[MockFunction]}
>
  <a
    className="small-movie-card__link"
    href="/movie/1"
    onClick={[Function]}
  >
    <div
      className="small-movie-card__image"
    >
      <video
        height={175}
        muted={true}
        width={280}
      />
    </div>
    <h3
      className="small-movie-card__title"
    >
      <span
        className="small-movie-card__link"
      >
        The Grand Budapest Hotel
      </span>
    </h3>
  </a>
</article>
`;
