// Jest Snapshot v1, https://goo.gl/fbAQLP

exports[`GenreItem correctly renders after relaunch 1`] = `
<li
  className="catalog__genres-item"
>
  <a
    className="catalog__genres-link"
    onClick={[Function]}
  >
    
  </a>
</li>
`;
